// Jest Snapshot v1, https://goo.gl/fbAQLP

exports[`UserGlobe  1`] = `
<View
  accessible={true}
  focusable={false}
  onClick={[Function]}
  onResponderGrant={[Function]}
  onResponderMove={[Function]}
  onResponderRelease={[Function]}
  onResponderTerminate={[Function]}
  onResponderTerminationRequest={[Function]}
  onStartShouldSetResponder={[Function]}
  style={
    Object {
      "alignItems": "center",
      "display": "flex",
      "flexDirection": "column",
      "opacity": 1,
      "padding": 5,
    }
  }
>
  <View
    style={
      Object {
        "backgroundColor": "transparent",
        "borderRadius": 17,
        "height": 34,
        "width": 34,
      }
    }
    theme={
      Object {
        "colors": Object {
          "black": "#242424",
          "disabled": "hsl(208, 8%, 90%)",
          "divider": "#bcbbc1",
          "error": "#ff190c",
          "grey0": "#393e42",
          "grey1": "#43484d",
          "grey2": "#5e6977",
          "grey3": "#86939e",
          "grey4": "#bdc6cf",
          "grey5": "#e1e8ee",
          "greyOutline": "#bbb",
          "platform": Object {
            "android": Object {
              "error": "#f44336",
              "grey": "rgba(0, 0, 0, 0.54)",
              "primary": "#2196f3",
              "searchBg": "#dcdce1",
              "secondary": "#9C27B0",
              "success": "#4caf50",
              "warning": "#ffeb3b",
            },
            "default": Object {
              "error": "#ff3b30",
              "grey": "#7d7d7d",
              "primary": "#007aff",
              "searchBg": "#dcdce1",
              "secondary": "#5856d6",
              "success": "#4cd964",
              "warning": "#ffcc00",
            },
            "ios": Object {
              "error": "#ff3b30",
              "grey": "#7d7d7d",
              "primary": "#007aff",
              "searchBg": "#dcdce1",
              "secondary": "#5856d6",
              "success": "#4cd964",
              "warning": "#ffcc00",
            },
            "web": Object {
              "error": "#ff190c",
              "grey": "#393e42",
              "primary": "#2089dc",
              "searchBg": "#303337",
              "secondary": "#ca71eb",
              "success": "#52c41a",
              "warning": "#faad14",
            },
          },
          "primary": "#2089dc",
          "searchBg": "#303337",
          "secondary": "#ca71eb",
          "success": "#52c41a",
          "warning": "#faad14",
          "white": "#ffffff",
        },
      }
    }
  >
    <View
      accessibilityIgnoresInvertColors={true}
      style={
        Object {
          "backgroundColor": "transparent",
          "borderRadius": 17,
          "flex": 1,
          "overflow": "hidden",
          "position": "relative",
        }
      }
    >
      <Image
        borderRadius={17}
        onLoad={[Function]}
        source={
          Object {
            "uri": "some-image-url",
          }
        }
        style={
          Object {
            "bottom": 0,
            "flex": 1,
            "height": undefined,
            "left": 0,
            "position": "absolute",
            "right": 0,
            "top": 0,
            "width": undefined,
          }
        }
        testID="RNE__Image"
        theme={
          Object {
            "colors": Object {
              "black": "#242424",
              "disabled": "hsl(208, 8%, 90%)",
              "divider": "#bcbbc1",
              "error": "#ff190c",
              "grey0": "#393e42",
              "grey1": "#43484d",
              "grey2": "#5e6977",
              "grey3": "#86939e",
              "grey4": "#bdc6cf",
              "grey5": "#e1e8ee",
              "greyOutline": "#bbb",
              "platform": Object {
                "android": Object {
                  "error": "#f44336",
                  "grey": "rgba(0, 0, 0, 0.54)",
                  "primary": "#2196f3",
                  "searchBg": "#dcdce1",
                  "secondary": "#9C27B0",
                  "success": "#4caf50",
                  "warning": "#ffeb3b",
                },
                "default": Object {
                  "error": "#ff3b30",
                  "grey": "#7d7d7d",
                  "primary": "#007aff",
                  "searchBg": "#dcdce1",
                  "secondary": "#5856d6",
                  "success": "#4cd964",
                  "warning": "#ffcc00",
                },
                "ios": Object {
                  "error": "#ff3b30",
                  "grey": "#7d7d7d",
                  "primary": "#007aff",
                  "searchBg": "#dcdce1",
                  "secondary": "#5856d6",
                  "success": "#4cd964",
                  "warning": "#ffcc00",
                },
                "web": Object {
                  "error": "#ff190c",
                  "grey": "#393e42",
                  "primary": "#2089dc",
                  "searchBg": "#303337",
                  "secondary": "#ca71eb",
                  "success": "#52c41a",
                  "warning": "#faad14",
                },
              },
              "primary": "#2089dc",
              "searchBg": "#303337",
              "secondary": "#ca71eb",
              "success": "#52c41a",
              "warning": "#faad14",
              "white": "#ffffff",
            },
          }
        }
        transition={true}
        transitionDuration={360}
      />
      <View
        accessibilityElementsHidden={true}
        importantForAccessibility="no-hide-descendants"
        pointerEvents="none"
        style={
          Object {
            "bottom": 0,
            "left": 0,
            "opacity": 1,
            "position": "absolute",
            "right": 0,
            "top": 0,
          }
        }
      >
        <View
          style={
            Object {
              "alignItems": "center",
              "backgroundColor": "#bdbdbd",
              "flex": 1,
              "height": undefined,
              "justifyContent": "center",
              "width": undefined,
            }
          }
          testID="RNE__Image__placeholder"
        />
      </View>
      <View
        style={
          Object {
            "flex": 1,
            "height": undefined,
            "width": undefined,
          }
        }
        testID="RNE__Image__children__container"
      />
    </View>
  </View>
  <View
    style={
      Object {
        "paddingTop": 5,
      }
    }
  >
    <View
      style={
        Object {
          "alignItems": "center",
          "backgroundColor": "transparent",
          "flexDirection": "column",
          "justifyContent": "center",
        }
      }
    >
      <View
        style={
          Array [
            Object {
              "alignItems": "center",
              "flexDirection": "row",
              "justifyContent": "center",
            },
          ]
        }
      >
        <View
          accessible={true}
          focusable={true}
          onClick={[Function]}
          onResponderGrant={[Function]}
          onResponderMove={[Function]}
          onResponderRelease={[Function]}
          onResponderTerminate={[Function]}
          onResponderTerminationRequest={[Function]}
          onStartShouldSetResponder={[Function]}
          style={
            Object {
              "opacity": 1,
            }
          }
        >
          <Image
            source={1}
            style={
              Object {
                "height": 5,
                "margin": 3,
                "tintColor": "#f1c40f",
                "transform": Array [
                  Object {
                    "scale": 1,
                  },
                ],
                "width": 5,
              }
            }
          />
        </View>
        <View
          accessible={true}
          focusable={true}
          onClick={[Function]}
          onResponderGrant={[Function]}
          onResponderMove={[Function]}
          onResponderRelease={[Function]}
          onResponderTerminate={[Function]}
          onResponderTerminationRequest={[Function]}
          onStartShouldSetResponder={[Function]}
          style={
            Object {
              "opacity": 1,
            }
          }
        >
          <Image
            source={1}
            style={
              Object {
                "height": 5,
                "margin": 3,
                "tintColor": "#f1c40f",
                "transform": Array [
                  Object {
                    "scale": 1,
                  },
                ],
                "width": 5,
              }
            }
          />
        </View>
        <View
          accessible={true}
          focusable={true}
          onClick={[Function]}
          onResponderGrant={[Function]}
          onResponderMove={[Function]}
          onResponderRelease={[Function]}
          onResponderTerminate={[Function]}
          onResponderTerminationRequest={[Function]}
          onStartShouldSetResponder={[Function]}
          style={
            Object {
              "opacity": 1,
            }
          }
        >
          <Image
            source={1}
            style={
              Object {
                "height": 5,
                "margin": 3,
                "tintColor": "#f1c40f",
                "transform": Array [
                  Object {
                    "scale": 1,
                  },
                ],
                "width": 5,
              }
            }
          />
        </View>
        <View
          accessible={true}
          focusable={true}
          onClick={[Function]}
          onResponderGrant={[Function]}
          onResponderMove={[Function]}
          onResponderRelease={[Function]}
          onResponderTerminate={[Function]}
          onResponderTerminationRequest={[Function]}
          onStartShouldSetResponder={[Function]}
          style={
            Object {
              "opacity": 1,
            }
          }
        >
          <Image
            source={1}
            style={
              Object {
                "height": 5,
                "margin": 3,
                "tintColor": "#f1c40f",
                "transform": Array [
                  Object {
                    "scale": 1,
                  },
                ],
                "width": 5,
              }
            }
          />
        </View>
        <View
          accessible={true}
          focusable={true}
          onClick={[Function]}
          onResponderGrant={[Function]}
          onResponderMove={[Function]}
          onResponderRelease={[Function]}
          onResponderTerminate={[Function]}
          onResponderTerminationRequest={[Function]}
          onStartShouldSetResponder={[Function]}
          style={
            Object {
              "opacity": 1,
            }
          }
        >
          <Image
            source={1}
            style={
              Object {
                "height": 5,
                "margin": 3,
                "tintColor": "#f1c40f",
                "transform": Array [
                  Object {
                    "scale": 1,
                  },
                ],
                "width": 5,
              }
            }
          />
        </View>
      </View>
    </View>
  </View>
  <Text
    style={
      Object {
        "color": "#555555",
        "fontSize": 10,
      }
    }
  >
    Text
  </Text>
</View>
`;
