// Jest Snapshot v1, https://goo.gl/fbAQLP

exports[`Button should render correctly 1`] = `
<View
  style={
    Array [
      Object {
        "borderRadius": 3,
        "overflow": "hidden",
      },
      Object {
        "borderRadius": 3,
      },
      undefined,
      false,
    ]
  }
>
  <View
    accessibilityRole="button"
    accessibilityState={
      Object {
        "busy": false,
        "disabled": false,
      }
    }
    accessible={true}
    focusable={true}
    onClick={[Function]}
    onResponderGrant={[Function]}
    onResponderMove={[Function]}
    onResponderRelease={[Function]}
    onResponderTerminate={[Function]}
    onResponderTerminationRequest={[Function]}
    onStartShouldSetResponder={[Function]}
    style={
      Object {
        "opacity": 1,
      }
    }
  >
    <View
      style={
        Object {
          "alignItems": "center",
          "backgroundColor": "transparent",
          "borderColor": "#2089dc",
          "borderRadius": 20,
          "borderWidth": 0,
          "flexDirection": "row",
          "justifyContent": "center",
          "marginBottom": 15,
          "padding": 8,
        }
      }
    >
      <Text
        style={
          Object {
            "color": "#2089dc",
            "fontSize": 18,
            "paddingVertical": 1,
            "textAlign": "center",
          }
        }
      >
        some-tittle
      </Text>
    </View>
  </View>
</View>
`;
